Microchip MPLAB XC8 Compiler V2.41

Linker command line:

-W-3 \
  --edf=C:\Program Files\Microchip\xc8\v2.41\pic\dat\20230208172133_en.msgs \
  -cn -h+dist/Config_1/production\st_16f15223_irsegmet.X.production.sym \
  --cmf=dist/Config_1/production\st_16f15223_irsegmet.X.production.cmf -z \
  -Q16F15223 -oC:\Users\siddyq\AppData\Local\Temp\xcAs5tk.\driver_tmp_3.o \
  --defsym=__MPLAB_BUILD=1 --fixupoverflow=error \
  -Mdist/Config_1/production/st_16f15223_irsegmet.X.production.map \
  --md=C:\Users\siddyq\AppData\Local\Temp\xcAs5tk.\driver_tmp_0.dat -E1 \
  -ver=XC8 Compiler --acfsm=1493 -ACODE=00h-07FFh -ASTRCODE=00h-07FFh \
  -ASTRING=00h-0FFhx8 -ACONST=00h-0FFhx8 -AENTRY=00h-0FFhx8 \
  -ACOMMON=070h-07Fh -ABANK0=020h-06Fh -ABANK1=0A0h-0EFh \
  -ABANK2=0120h-016Fh -ABIGRAM=02000h-020EFh \
  -ARAM=020h-06Fh,0A0h-0EFh,0120h-016Fh \
  -AABS1=020h-07Fh,0A0h-0EFh,0120h-016Fh -ASFR0=00h-01Fh -ASFR1=080h-09Fh \
  -ASFR2=0100h-011Fh -ASFR3=0180h-01EFh -ASFR4=0200h-026Fh \
  -ASFR5=0280h-02EFh -ASFR6=0300h-036Fh -ASFR7=0380h-03EFh \
  -ASFR8=0400h-046Fh -ASFR9=0480h-04EFh -ASFR10=0500h-056Fh \
  -ASFR11=0580h-05EFh -ASFR12=0600h-066Fh -ASFR13=0680h-06EFh \
  -ASFR14=0700h-076Fh -ASFR15=0780h-07EFh -ASFR16=0800h-086Fh \
  -ASFR17=0880h-08EFh -ASFR18=0900h-096Fh -ASFR19=0980h-09EFh \
  -ASFR20=0A00h-0A6Fh -ASFR21=0A80h-0AEFh -ASFR22=0B00h-0B6Fh \
  -ASFR23=0B80h-0BEFh -ASFR24=0C00h-0C6Fh -ASFR25=0C80h-0CEFh \
  -ASFR26=0D00h-0D6Fh -ASFR27=0D80h-0DEFh -ASFR28=0E00h-0E6Fh \
  -ASFR29=0E80h-0EEFh -ASFR30=0F00h-0F6Fh -ASFR31=0F80h-0FEFh \
  -ASFR32=01000h-0106Fh -ASFR33=01080h-010EFh -ASFR34=01100h-0116Fh \
  -ASFR35=01180h-011EFh -ASFR36=01200h-0126Fh -ASFR37=01280h-012EFh \
  -ASFR38=01300h-0136Fh -ASFR39=01380h-013EFh -ASFR40=01400h-0146Fh \
  -ASFR41=01480h-014EFh -ASFR42=01500h-0156Fh -ASFR43=01580h-015EFh \
  -ASFR44=01600h-0166Fh -ASFR45=01680h-016EFh -ASFR46=01700h-0176Fh \
  -ASFR47=01780h-017EFh -ASFR48=01800h-0186Fh -ASFR49=01880h-018EFh \
  -ASFR50=01900h-0196Fh -ASFR51=01980h-019EFh -ASFR52=01A00h-01A6Fh \
  -ASFR53=01A80h-01AEFh -ASFR54=01B00h-01B6Fh -ASFR55=01B80h-01BEFh \
  -ASFR56=01C00h-01C6Fh -ASFR57=01C80h-01CEFh -ASFR58=01D00h-01D6Fh \
  -ASFR59=01D80h-01DEFh -ASFR60=01E00h-01E6Fh -ASFR61=01E80h-01EEFh \
  -ASFR62=01F00h-01F6Fh -ASFR63=01F80h-01FEFh -ACONFIG=08007h-0800Bh \
  -DCONFIG=2 -AIDLOC=08000h-08003h -DIDLOC=2 -DCODE=2 -DSTRCODE=2 \
  -DSTRING=2 -DCONST=2 -DENTRY=2 -preset_vec=00h,intentry=04h,init,end_init \
  -ppowerup=CODE -pcinit=CODE -pfunctab=ENTRY -k \
  C:\Users\siddyq\AppData\Local\Temp\xcAs5tk.\driver_tmp_12.o \
  dist/Config_1/production\st_16f15223_irsegmet.X.production.o 

Object code version is 3.11

Machine type is 16F15223



                Name                               Link     Load   Length Selector   Space Scale
C:\Users\siddyq\AppData\Local\Temp\xcAs5tk.\driver_tmp_12.o
                end_init                             14       14        1        8       0
                reset_vec                             0        0        1        0       0
                config                             8007     8007        5        0       4
                idloc                              8000     8000        4        0       5
dist/Config_1/production\st_16f15223_irsegmet.X.production.o
                cinit                                15       15        D        8       0
                intentry                              4        4       10        8       0
                config                             8007     8007        5        0       4
                idloc                              8000     8000        4        0       5
                text32                              5EB      5EB       10      BB6       0
                text31                              622      622        C      C10       0
                text30                              547      547       1A        8       0
                text29                              57A      57A       18        8       0
                text28                              5DB      5DB       10      BB6       0
                text27                              334      334       53        8       0
                text26                              387      387       4E        8       0
                text25                              647      647        8      C6E       0
                text24                              44E      44E       34        8       0
                text23                              4B4      4B4       2C        8       0
                text22                              3D5      3D5       3E        8       0
                text21                              5B9      5B9       12        8       0
                text20                              615      615        D      C10       0
                text19                              63F      63F        8      C6E       0
                text18                              608      608        D      C10       0
                text17                              667      667        6      CAA       0
                text16                              661      661        6      CAA       0
                text15                              529      529       1E        8       0
                text14                              637      637        8      C6E       0
                text13                              5A6      5A6       13        8       0
                text12                              672      672        5      CE4       0
                text11                              508      508       21        8       0
                text10                              65B      65B        6      CAA       0
                text9                               655      655        6      CAA       0
                text8                               592      592       14        8       0
                text7                               561      561       19        8       0
                text6                               2B8      2B8       7C        8       0
                text5                               413      413       3B        8       0
                text4                               4E0      4E0       28        8       0
                text3                               236      236       82        8       0
                text2                               482      482       32        8       0
                text1                                22       22      121        8       0
                maintext                            143      143       F3        8       0
                cstackBANK0                          20       20       39       20       1
                cstackCOMMON                         70       70        E       70       1
                dataBANK0                            61       61        1       20       1
                bssBANK0                             59       59        8       20       1
                stringtext5                         66D      66D        5      CDA       0
                stringtext4                         64F      64F        6      C9E       0
                stringtext3                         62E      62E        9      C5C       0
                stringtext2                         5FB      5FB        D      BF6       0
                stringtext1                         5CB      5CB       10      B96       0
                idataBANK0                          677      677        1      CE4       0

TOTAL           Name                               Link     Load   Length     Space
        CLASS   CODE           
                end_init                             14       14        1         0
                cinit                                15       15        D         0
                intentry                              4        4       10         0
                reset_vec                             0        0        1         0
                text32                              5EB      5EB       10         0
                text31                              622      622        C         0
                text30                              547      547       1A         0
                text29                              57A      57A       18         0
                text28                              5DB      5DB       10         0
                text27                              334      334       53         0
                text26                              387      387       4E         0
                text25                              647      647        8         0
                text24                              44E      44E       34         0
                text23                              4B4      4B4       2C         0
                text22                              3D5      3D5       3E         0
                text21                              5B9      5B9       12         0
                text20                              615      615        D         0
                text19                              63F      63F        8         0
                text18                              608      608        D         0
                text17                              667      667        6         0
                text16                              661      661        6         0
                text15                              529      529       1E         0
                text14                              637      637        8         0
                text13                              5A6      5A6       13         0
                text12                              672      672        5         0
                text11                              508      508       21         0
                text10                              65B      65B        6         0
                text9                               655      655        6         0
                text8                               592      592       14         0
                text7                               561      561       19         0
                text6                               2B8      2B8       7C         0
                text5                               413      413       3B         0
                text4                               4E0      4E0       28         0
                text3                               236      236       82         0
                text2                               482      482       32         0
                text1                                22       22      121         0
                maintext                            143      143       F3         0
                idataBANK0                          677      677        1         0

        CLASS   STRCODE        
                stringtext5                         66D      66D        5         0
                stringtext4                         64F      64F        6         0
                stringtext3                         62E      62E        9         0
                stringtext2                         5FB      5FB        D         0
                stringtext1                         5CB      5CB       10         0

        CLASS   STRING         

        CLASS   CONST          

        CLASS   ENTRY          

        CLASS   COMMON         
                cstackCOMMON                         70       70        E         1

        CLASS   BANK0          
                cstackBANK0                          20       20       39         1
                dataBANK0                            61       61        1         1
                bssBANK0                             59       59        8         1

        CLASS   BANK1          

        CLASS   BANK2          

        CLASS   BIGRAM         

        CLASS   RAM            

        CLASS   ABS1           
                abs_s1                               7E       7E        2         1

        CLASS   SFR0           

        CLASS   SFR1           

        CLASS   SFR2           

        CLASS   SFR3           

        CLASS   SFR4           

        CLASS   SFR5           

        CLASS   SFR6           

        CLASS   SFR7           

        CLASS   SFR8           

        CLASS   SFR9           

        CLASS   SFR10          

        CLASS   SFR11          

        CLASS   SFR12          

        CLASS   SFR13          

        CLASS   SFR14          

        CLASS   SFR15          

        CLASS   SFR16          

        CLASS   SFR17          

        CLASS   SFR18          

        CLASS   SFR19          

        CLASS   SFR20          

        CLASS   SFR21          

        CLASS   SFR22          

        CLASS   SFR23          

        CLASS   SFR24          

        CLASS   SFR25          

        CLASS   SFR26          

        CLASS   SFR27          

        CLASS   SFR28          

        CLASS   SFR29          

        CLASS   SFR30          

        CLASS   SFR31          

        CLASS   SFR32          

        CLASS   SFR33          

        CLASS   SFR34          

        CLASS   SFR35          

        CLASS   SFR36          

        CLASS   SFR37          

        CLASS   SFR38          

        CLASS   SFR39          

        CLASS   SFR40          

        CLASS   SFR41          

        CLASS   SFR42          

        CLASS   SFR43          

        CLASS   SFR44          

        CLASS   SFR45          

        CLASS   SFR46          

        CLASS   SFR47          

        CLASS   SFR48          

        CLASS   SFR49          

        CLASS   SFR50          

        CLASS   SFR51          

        CLASS   SFR52          

        CLASS   SFR53          

        CLASS   SFR54          

        CLASS   SFR55          

        CLASS   SFR56          

        CLASS   SFR57          

        CLASS   SFR58          

        CLASS   SFR59          

        CLASS   SFR60          

        CLASS   SFR61          

        CLASS   SFR62          

        CLASS   SFR63          

        CLASS   CONFIG         
                config                             8007     8007        5         4

        CLASS   IDLOC          
                idloc                              8000     8000        4         5

        CLASS   BANK63         

        CLASS   BANK62         

        CLASS   BANK61         

        CLASS   BANK60         

        CLASS   BANK59         

        CLASS   BANK58         

        CLASS   BANK57         

        CLASS   BANK56         

        CLASS   BANK55         

        CLASS   BANK54         

        CLASS   BANK53         

        CLASS   BANK52         

        CLASS   BANK51         

        CLASS   BANK50         

        CLASS   BANK49         

        CLASS   BANK48         

        CLASS   BANK47         

        CLASS   BANK46         

        CLASS   BANK45         

        CLASS   BANK44         

        CLASS   BANK43         

        CLASS   BANK42         

        CLASS   BANK41         

        CLASS   BANK40         

        CLASS   BANK39         

        CLASS   BANK38         

        CLASS   BANK37         

        CLASS   BANK36         

        CLASS   BANK35         

        CLASS   BANK34         

        CLASS   BANK33         

        CLASS   BANK32         

        CLASS   BANK31         

        CLASS   BANK30         

        CLASS   BANK29         

        CLASS   BANK28         

        CLASS   BANK27         

        CLASS   BANK26         

        CLASS   BANK25         

        CLASS   BANK24         

        CLASS   BANK23         

        CLASS   BANK22         

        CLASS   BANK21         

        CLASS   BANK20         

        CLASS   BANK19         

        CLASS   BANK18         

        CLASS   BANK17         

        CLASS   BANK16         

        CLASS   BANK15         

        CLASS   BANK14         

        CLASS   BANK13         

        CLASS   BANK12         

        CLASS   BANK11         

        CLASS   BANK10         

        CLASS   BANK9          

        CLASS   BANK8          

        CLASS   BANK7          

        CLASS   BANK6          

        CLASS   BANK5          

        CLASS   BANK4          

        CLASS   BANK3          

        CLASS   HEAP           

        CLASS   STACK          

        CLASS   EEDATA         



SEGMENTS        Name                           Load    Length   Top    Selector   Space  Class     Delta

                reset_vec                      000000  000001  000001         0       0  CODE        2
                intentry                       000004  0005C7  0005CB         8       0  CODE        2
                cstackBANK0                    000020  000042  000062        20       1  BANK0       1
                cstackCOMMON                   000070  00000E  00007E        70       1  COMMON      1
                stringtext1                    0005CB  000010  0005DB       B96       0  STRCODE     2
                text28                         0005DB  000020  0005FB       BB6       0  CODE        2
                stringtext2                    0005FB  00000D  000608       BF6       0  STRCODE     2
                text18                         000608  000026  00062E       C10       0  CODE        2
                stringtext3                    00062E  000009  000637       C5C       0  STRCODE     2
                text14                         000637  000018  00064F       C6E       0  CODE        2
                stringtext4                    00064F  000006  000655       C9E       0  STRCODE     2
                text9                          000655  000018  00066D       CAA       0  CODE        2
                stringtext5                    00066D  000005  000672       CDA       0  STRCODE     2
                text12                         000672  000006  000678       CE4       0  CODE        2


UNUSED ADDRESS RANGES

        Name                Unused          Largest block    Delta
        BANK0            00062-0006F               E           1
        BANK1            000A0-000EF              50           1
        BANK2            00120-0016F              50           1
        BIGRAM           02000-020EF              F0           1
        CODE             00001-00003               3           2
                         00678-007FF             188
        CONST            00001-00003               3           2
                         00678-007FF              88
        ENTRY            00001-00003               3           2
                         00678-007FF              88
        RAM              00062-0006F               E           1
                         000A0-000EF              50
                         00120-0016F              50
        SFR0             00000-0001F              20           1
        SFR1             00080-0009F              20           1
        SFR10            00500-0056F              70           1
        SFR11            00580-005EF              70           1
        SFR12            00600-0066F              70           1
        SFR13            00680-006EF              70           1
        SFR14            00700-0076F              70           1
        SFR15            00780-007EF              70           1
        SFR16            00800-0086F              70           1
        SFR17            00880-008EF              70           1
        SFR18            00900-0096F              70           1
        SFR19            00980-009EF              70           1
        SFR2             00100-0011F              20           1
        SFR20            00A00-00A6F              70           1
        SFR21            00A80-00AEF              70           1
        SFR22            00B00-00B6F              70           1
        SFR23            00B80-00BEF              70           1
        SFR24            00C00-00C6F              70           1
        SFR25            00C80-00CEF              70           1
        SFR26            00D00-00D6F              70           1
        SFR27            00D80-00DEF              70           1
        SFR28            00E00-00E6F              70           1
        SFR29            00E80-00EEF              70           1
        SFR3             00180-001EF              70           1
        SFR30            00F00-00F6F              70           1
        SFR31            00F80-00FEF              70           1
        SFR32            01000-0106F              70           1
        SFR33            01080-010EF              70           1
        SFR34            01100-0116F              70           1
        SFR35            01180-011EF              70           1
        SFR36            01200-0126F              70           1
        SFR37            01280-012EF              70           1
        SFR38            01300-0136F              70           1
        SFR39            01380-013EF              70           1
        SFR4             00200-0026F              70           1
        SFR40            01400-0146F              70           1
        SFR41            01480-014EF              70           1
        SFR42            01500-0156F              70           1
        SFR43            01580-015EF              70           1
        SFR44            01600-0166F              70           1
        SFR45            01680-016EF              70           1
        SFR46            01700-0176F              70           1
        SFR47            01780-017EF              70           1
        SFR48            01800-0186F              70           1
        SFR49            01880-018EF              70           1
        SFR5             00280-002EF              70           1
        SFR50            01900-0196F              70           1
        SFR51            01980-019EF              70           1
        SFR52            01A00-01A6F              70           1
        SFR53            01A80-01AEF              70           1
        SFR54            01B00-01B6F              70           1
        SFR55            01B80-01BEF              70           1
        SFR56            01C00-01C6F              70           1
        SFR57            01C80-01CEF              70           1
        SFR58            01D00-01D6F              70           1
        SFR59            01D80-01DEF              70           1
        SFR6             00300-0036F              70           1
        SFR60            01E00-01E6F              70           1
        SFR61            01E80-01EEF              70           1
        SFR62            01F00-01F6F              70           1
        SFR63            01F80-01FEF              70           1
        SFR7             00380-003EF              70           1
        SFR8             00400-0046F              70           1
        SFR9             00480-004EF              70           1
        STRCODE          00001-00003               3           2
                         00678-007FF             188
        STRING           00001-00003               3           2
                         00678-007FF              88

                                  Symbol Table

?_ADC_Read                        cstackCOMMON 00070
?___aldiv                         cstackCOMMON 00070
?___lldiv                         cstackBANK0  00024
?___lmul                          cstackCOMMON 00076
?___lwdiv                         cstackCOMMON 00070
?___lwmod                         cstackCOMMON 00070
ADC_Read@channel                  cstackCOMMON 00075
I2C1_PutByte@b                    cstackCOMMON 00070
I2C1_Write@addr7                  cstackCOMMON 00074
I2C1_Write@data                   cstackCOMMON 00071
I2C1_Write@i                      cstackCOMMON 00075
I2C1_Write@len                    cstackCOMMON 00072
I2C1_Write@ok                     cstackCOMMON 00076
I2C1_WriteByte@addr7              cstackCOMMON 00078
I2C1_WriteByte@data               cstackCOMMON 00077
PWM_SetDuty@permille              cstackCOMMON 00070
UART_Init@baud                    cstackBANK0  00032
UART_Init@spbrg                   cstackBANK0  0003A
UART_Write16@buffer               cstackBANK0  00020
UART_Write16@i                    cstackBANK0  00026
UART_Write16@value                cstackCOMMON 00078
UART_Write16String@str            cstackBANK0  00029
UART_Write16String@value          cstackBANK0  00027
UART_Write@data                   cstackCOMMON 00070
UART_WriteString@str              cstackCOMMON 00071
_ADCON0bits                       (abs)        0009D
_ADCON1bits                       (abs)        0009E
_ADC_Init                         text32       005EB
_ADC_Read                         text4        004E0
_ADC_Read$474                     cstackCOMMON 00073
_ADRESH                           (abs)        0009C
_ADRESL                           (abs)        0009B
_ANSELAbits                       (abs)        01F38
_ANSELCbits                       (abs)        01F4E
_BAUD1CONbits                     (abs)        0011F
_FVRCONbits                       (abs)        0090C
_I2C1_Init                        text31       00622
_I2C1_PutByte                     text18       00608
_I2C1_Start                       text17       00667
_I2C1_Stop                        text16       00661
_I2C1_WaitIdle                    text19       0063F
_I2C1_Write                       text15       00529
_I2C1_WriteByte                   text14       00637
_INTCONbits                       (abs)        0000B
_ISR                              intentry     00004
_PIE0bits                         (abs)        00716
_PIR0bits                         (abs)        0070C
_PIR1bits                         (abs)        0070D
_PPSLOCK                          (abs)        01E8F
_PPSLOCKbits                      (abs)        01E8F
_PWM3CON                          (abs)        00316
_PWM3CONbits                      (abs)        00316
_PWM3DC                           (abs)        00314
_PWM_Init                         text29       0057A
_PWM_SetDuty                      text30       00547
_RC0I2Cbits                       (abs)        0010E
_RC0PPS                           (abs)        01F20
_RC1I2Cbits                       (abs)        0010F
_RC1PPS                           (abs)        01F21
_RC1REG                           (abs)        00119
_RC1STAbits                       (abs)        0011D
_RC2PPS                           (abs)        01F22
_RC5PPS                           (abs)        01F25
_RXPPS                            (abs)        01ECB
_SP1BRGH                          (abs)        0011C
_SP1BRGL                          (abs)        0011B
_SSP1ADD                          (abs)        0018D
_SSP1BUF                          (abs)        0018C
_SSP1CLKPPS                       (abs)        01EC5
_SSP1CON1                         (abs)        00190
_SSP1CON1bits                     (abs)        00190
_SSP1CON2                         (abs)        00191
_SSP1CON2bits                     (abs)        00191
_SSP1DATPPS                       (abs)        01EC6
_SSP1STATbits                     (abs)        0018F
_T0CON0                           (abs)        0059E
_T0CON1                           (abs)        0059F
_T2CLKCONbits                     (abs)        00290
_T2CONbits                        (abs)        0028E
_T2PR                             (abs)        0028D
_TMR0H                            (abs)        0059D
_TMR0L                            (abs)        0059C
_TRISAbits                        (abs)        00012
_TRISCbits                        (abs)        00014
_TX1REG                           (abs)        0011A
_TX1STAbits                       (abs)        0011E
_Timer0_1ms_Init                  text28       005DB
_UART_Init                        text26       00387
_UART_Write                       text25       00647
_UART_Write16                     text22       003D5
_UART_Write16String               text20       00615
_UART_WriteString                 text21       005B9
__H__absolute__                   __absolute__ 00000
__Habs1                           abs1         00000
__Hbank0                          bank0        00000
__Hbank1                          bank1        00000
__Hbank10                         bank10       00000
__Hbank11                         bank11       00000
__Hbank12                         bank12       00000
__Hbank13                         bank13       00000
__Hbank14                         bank14       00000
__Hbank15                         bank15       00000
__Hbank16                         bank16       00000
__Hbank17                         bank17       00000
__Hbank18                         bank18       00000
__Hbank19                         bank19       00000
__Hbank2                          bank2        00000
__Hbank20                         bank20       00000
__Hbank21                         bank21       00000
__Hbank22                         bank22       00000
__Hbank23                         bank23       00000
__Hbank24                         bank24       00000
__Hbank25                         bank25       00000
__Hbank26                         bank26       00000
__Hbank27                         bank27       00000
__Hbank28                         bank28       00000
__Hbank29                         bank29       00000
__Hbank3                          bank3        00000
__Hbank30                         bank30       00000
__Hbank31                         bank31       00000
__Hbank32                         bank32       00000
__Hbank33                         bank33       00000
__Hbank34                         bank34       00000
__Hbank35                         bank35       00000
__Hbank36                         bank36       00000
__Hbank37                         bank37       00000
__Hbank38                         bank38       00000
__Hbank39                         bank39       00000
__Hbank4                          bank4        00000
__Hbank40                         bank40       00000
__Hbank41                         bank41       00000
__Hbank42                         bank42       00000
__Hbank43                         bank43       00000
__Hbank44                         bank44       00000
__Hbank45                         bank45       00000
__Hbank46                         bank46       00000
__Hbank47                         bank47       00000
__Hbank48                         bank48       00000
__Hbank49                         bank49       00000
__Hbank5                          bank5        00000
__Hbank50                         bank50       00000
__Hbank51                         bank51       00000
__Hbank52                         bank52       00000
__Hbank53                         bank53       00000
__Hbank54                         bank54       00000
__Hbank55                         bank55       00000
__Hbank56                         bank56       00000
__Hbank57                         bank57       00000
__Hbank58                         bank58       00000
__Hbank59                         bank59       00000
__Hbank6                          bank6        00000
__Hbank60                         bank60       00000
__Hbank61                         bank61       00000
__Hbank62                         bank62       00000
__Hbank63                         bank63       00000
__Hbank7                          bank7        00000
__Hbank8                          bank8        00000
__Hbank9                          bank9        00000
__Hbigram                         bigram       00000
__HbssBANK0                       bssBANK0     00000
__Hcinit                          cinit        00022
__Hclrtext                        clrtext      00000
__Hcode                           code         00000
__Hcommon                         common       00000
__Hconfig                         config       0800C
__HcstackBANK0                    cstackBANK0  00000
__HcstackCOMMON                   cstackCOMMON 00000
__HdataBANK0                      dataBANK0    00000
__Heeprom_data                    eeprom_data  00000
__Hend_init                       end_init     00015
__Hfunctab                        functab      00000
__Hheap                           heap         00000
__HidataBANK0                     idataBANK0   00000
__Hidloc                          idloc        08004
__Hinit                           init         00014
__Hintentry                       intentry     00014
__Hmaintext                       maintext     00000
__Hpowerup                        powerup      00000
__Hram                            ram          00000
__Hreset_vec                      reset_vec    00001
__Hsfr0                           sfr0         00000
__Hsfr1                           sfr1         00000
__Hsfr10                          sfr10        00000
__Hsfr11                          sfr11        00000
__Hsfr12                          sfr12        00000
__Hsfr13                          sfr13        00000
__Hsfr14                          sfr14        00000
__Hsfr15                          sfr15        00000
__Hsfr16                          sfr16        00000
__Hsfr17                          sfr17        00000
__Hsfr18                          sfr18        00000
__Hsfr19                          sfr19        00000
__Hsfr2                           sfr2         00000
__Hsfr20                          sfr20        00000
__Hsfr21                          sfr21        00000
__Hsfr22                          sfr22        00000
__Hsfr23                          sfr23        00000
__Hsfr24                          sfr24        00000
__Hsfr25                          sfr25        00000
__Hsfr26                          sfr26        00000
__Hsfr27                          sfr27        00000
__Hsfr28                          sfr28        00000
__Hsfr29                          sfr29        00000
__Hsfr3                           sfr3         00000
__Hsfr30                          sfr30        00000
__Hsfr31                          sfr31        00000
__Hsfr32                          sfr32        00000
__Hsfr33                          sfr33        00000
__Hsfr34                          sfr34        00000
__Hsfr35                          sfr35        00000
__Hsfr36                          sfr36        00000
__Hsfr37                          sfr37        00000
__Hsfr38                          sfr38        00000
__Hsfr39                          sfr39        00000
__Hsfr4                           sfr4         00000
__Hsfr40                          sfr40        00000
__Hsfr41                          sfr41        00000
__Hsfr42                          sfr42        00000
__Hsfr43                          sfr43        00000
__Hsfr44                          sfr44        00000
__Hsfr45                          sfr45        00000
__Hsfr46                          sfr46        00000
__Hsfr47                          sfr47        00000
__Hsfr48                          sfr48        00000
__Hsfr49                          sfr49        00000
__Hsfr5                           sfr5         00000
__Hsfr50                          sfr50        00000
__Hsfr51                          sfr51        00000
__Hsfr52                          sfr52        00000
__Hsfr53                          sfr53        00000
__Hsfr54                          sfr54        00000
__Hsfr55                          sfr55        00000
__Hsfr56                          sfr56        00000
__Hsfr57                          sfr57        00000
__Hsfr58                          sfr58        00000
__Hsfr59                          sfr59        00000
__Hsfr6                           sfr6         00000
__Hsfr60                          sfr60        00000
__Hsfr61                          sfr61        00000
__Hsfr62                          sfr62        00000
__Hsfr63                          sfr63        00000
__Hsfr7                           sfr7         00000
__Hsfr8                           sfr8         00000
__Hsfr9                           sfr9         00000
__Hspace_0                        (abs)        00678
__Hspace_1                        (abs)        0007E
__Hspace_2                        (abs)        00000
__Hspace_3                        (abs)        00000
__Hspace_4                        (abs)        10013
__Hstack                          stack        00000
__Hstrings                        strings      00000
__Hstringtext1                    stringtext1  00000
__Hstringtext2                    stringtext2  00000
__Hstringtext3                    stringtext3  00000
__Hstringtext4                    stringtext4  00000
__Hstringtext5                    stringtext5  00000
__Hstringtext6                    stringtext6  00000
__Htext                           text         00000
__L__absolute__                   __absolute__ 00000
__Labs1                           abs1         00000
__Lbank0                          bank0        00000
__Lbank1                          bank1        00000
__Lbank10                         bank10       00000
__Lbank11                         bank11       00000
__Lbank12                         bank12       00000
__Lbank13                         bank13       00000
__Lbank14                         bank14       00000
__Lbank15                         bank15       00000
__Lbank16                         bank16       00000
__Lbank17                         bank17       00000
__Lbank18                         bank18       00000
__Lbank19                         bank19       00000
__Lbank2                          bank2        00000
__Lbank20                         bank20       00000
__Lbank21                         bank21       00000
__Lbank22                         bank22       00000
__Lbank23                         bank23       00000
__Lbank24                         bank24       00000
__Lbank25                         bank25       00000
__Lbank26                         bank26       00000
__Lbank27                         bank27       00000
__Lbank28                         bank28       00000
__Lbank29                         bank29       00000
__Lbank3                          bank3        00000
__Lbank30                         bank30       00000
__Lbank31                         bank31       00000
__Lbank32                         bank32       00000
__Lbank33                         bank33       00000
__Lbank34                         bank34       00000
__Lbank35                         bank35       00000
__Lbank36                         bank36       00000
__Lbank37                         bank37       00000
__Lbank38                         bank38       00000
__Lbank39                         bank39       00000
__Lbank4                          bank4        00000
__Lbank40                         bank40       00000
__Lbank41                         bank41       00000
__Lbank42                         bank42       00000
__Lbank43                         bank43       00000
__Lbank44                         bank44       00000
__Lbank45                         bank45       00000
__Lbank46                         bank46       00000
__Lbank47                         bank47       00000
__Lbank48                         bank48       00000
__Lbank49                         bank49       00000
__Lbank5                          bank5        00000
__Lbank50                         bank50       00000
__Lbank51                         bank51       00000
__Lbank52                         bank52       00000
__Lbank53                         bank53       00000
__Lbank54                         bank54       00000
__Lbank55                         bank55       00000
__Lbank56                         bank56       00000
__Lbank57                         bank57       00000
__Lbank58                         bank58       00000
__Lbank59                         bank59       00000
__Lbank6                          bank6        00000
__Lbank60                         bank60       00000
__Lbank61                         bank61       00000
__Lbank62                         bank62       00000
__Lbank63                         bank63       00000
__Lbank7                          bank7        00000
__Lbank8                          bank8        00000
__Lbank9                          bank9        00000
__Lbigram                         bigram       00000
__LbssBANK0                       bssBANK0     00000
__Lcinit                          cinit        00015
__Lclrtext                        clrtext      00000
__Lcode                           code         00000
__Lcommon                         common       00000
__Lconfig                         config       00000
__LcstackBANK0                    cstackBANK0  00000
__LcstackCOMMON                   cstackCOMMON 00000
__LdataBANK0                      dataBANK0    00000
__Leeprom_data                    eeprom_data  00000
__Lend_init                       end_init     00014
__Lfunctab                        functab      00000
__Lheap                           heap         00000
__LidataBANK0                     idataBANK0   00000
__Lidloc                          idloc        00000
__Linit                           init         00014
__Lintentry                       intentry     00004
__Lmaintext                       maintext     00000
__Lpowerup                        powerup      00000
__Lram                            ram          00000
__Lreset_vec                      reset_vec    00000
__Lsfr0                           sfr0         00000
__Lsfr1                           sfr1         00000
__Lsfr10                          sfr10        00000
__Lsfr11                          sfr11        00000
__Lsfr12                          sfr12        00000
__Lsfr13                          sfr13        00000
__Lsfr14                          sfr14        00000
__Lsfr15                          sfr15        00000
__Lsfr16                          sfr16        00000
__Lsfr17                          sfr17        00000
__Lsfr18                          sfr18        00000
__Lsfr19                          sfr19        00000
__Lsfr2                           sfr2         00000
__Lsfr20                          sfr20        00000
__Lsfr21                          sfr21        00000
__Lsfr22                          sfr22        00000
__Lsfr23                          sfr23        00000
__Lsfr24                          sfr24        00000
__Lsfr25                          sfr25        00000
__Lsfr26                          sfr26        00000
__Lsfr27                          sfr27        00000
__Lsfr28                          sfr28        00000
__Lsfr29                          sfr29        00000
__Lsfr3                           sfr3         00000
__Lsfr30                          sfr30        00000
__Lsfr31                          sfr31        00000
__Lsfr32                          sfr32        00000
__Lsfr33                          sfr33        00000
__Lsfr34                          sfr34        00000
__Lsfr35                          sfr35        00000
__Lsfr36                          sfr36        00000
__Lsfr37                          sfr37        00000
__Lsfr38                          sfr38        00000
__Lsfr39                          sfr39        00000
__Lsfr4                           sfr4         00000
__Lsfr40                          sfr40        00000
__Lsfr41                          sfr41        00000
__Lsfr42                          sfr42        00000
__Lsfr43                          sfr43        00000
__Lsfr44                          sfr44        00000
__Lsfr45                          sfr45        00000
__Lsfr46                          sfr46        00000
__Lsfr47                          sfr47        00000
__Lsfr48                          sfr48        00000
__Lsfr49                          sfr49        00000
__Lsfr5                           sfr5         00000
__Lsfr50                          sfr50        00000
__Lsfr51                          sfr51        00000
__Lsfr52                          sfr52        00000
__Lsfr53                          sfr53        00000
__Lsfr54                          sfr54        00000
__Lsfr55                          sfr55        00000
__Lsfr56                          sfr56        00000
__Lsfr57                          sfr57        00000
__Lsfr58                          sfr58        00000
__Lsfr59                          sfr59        00000
__Lsfr6                           sfr6         00000
__Lsfr60                          sfr60        00000
__Lsfr61                          sfr61        00000
__Lsfr62                          sfr62        00000
__Lsfr63                          sfr63        00000
__Lsfr7                           sfr7         00000
__Lsfr8                           sfr8         00000
__Lsfr9                           sfr9         00000
__Lspace_0                        (abs)        00000
__Lspace_1                        (abs)        00000
__Lspace_2                        (abs)        00000
__Lspace_3                        (abs)        00000
__Lspace_4                        (abs)        00000
__Lstack                          stack        00000
__Lstrings                        strings      00000
__Lstringtext1                    stringtext1  00000
__Lstringtext2                    stringtext2  00000
__Lstringtext3                    stringtext3  00000
__Lstringtext4                    stringtext4  00000
__Lstringtext5                    stringtext5  00000
__Lstringtext6                    stringtext6  00000
__Ltext                           text         00000
__S0                              (abs)        00678
__S1                              (abs)        0007E
___aldiv                          text3        00236
___aldiv@counter                  cstackBANK0  00020
___aldiv@dividend                 cstackCOMMON 00074
___aldiv@divisor                  cstackCOMMON 00070
___aldiv@quotient                 cstackBANK0  00022
___aldiv@sign                     cstackBANK0  00021
___heap_hi                        (abs)        00000
___heap_lo                        (abs)        00000
___int_sp                         stack        00000
___latbits                        (abs)        00000
___lldiv                          text27       00334
___lldiv@counter                  cstackBANK0  00031
___lldiv@dividend                 cstackBANK0  00028
___lldiv@divisor                  cstackBANK0  00024
___lldiv@quotient                 cstackBANK0  0002D
___lmul                           text2        00482
___lmul@multiplicand              cstackCOMMON 0007A
___lmul@multiplier                cstackCOMMON 00076
___lmul@product                   cstackBANK0  00020
___lwdiv                          text24       0044E
___lwdiv@counter                  cstackCOMMON 00077
___lwdiv@dividend                 cstackCOMMON 00072
___lwdiv@divisor                  cstackCOMMON 00070
___lwdiv@quotient                 cstackCOMMON 00075
___lwmod                          text23       004B4
___lwmod@counter                  cstackCOMMON 00075
___lwmod@dividend                 cstackCOMMON 00072
___lwmod@divisor                  cstackCOMMON 00070
___sp                             stack        00000
___stackhi                        (abs)        00000
___stacklo                        (abs)        00000
__end_of_ADC_Init                 text32       005FB
__end_of_ADC_Read                 text4        00508
__end_of_I2C1_Init                text31       0062E
__end_of_I2C1_PutByte             text18       00615
__end_of_I2C1_Start               text17       0066D
__end_of_I2C1_Stop                text16       00667
__end_of_I2C1_WaitIdle            text19       00647
__end_of_I2C1_Write               text15       00547
__end_of_I2C1_WriteByte           text14       0063F
__end_of_ISR                      intentry     00014
__end_of_PWM_Init                 text29       00592
__end_of_PWM_SetDuty              text30       00561
__end_of_Timer0_1ms_Init          text28       005EB
__end_of_UART_Init                text26       003D5
__end_of_UART_Write               text25       0064F
__end_of_UART_Write16             text22       00413
__end_of_UART_Write16String       text20       00622
__end_of_UART_WriteString         text21       005CB
__end_of___aldiv                  text3        002B8
__end_of___lldiv                  text27       00387
__end_of___lmul                   text2        004B4
__end_of___lwdiv                  text24       00482
__end_of___lwmod                  text23       004E0
__end_of__initialization          cinit        0001F
__end_of_display_clear_all        text11       00529
__end_of_display_clear_digit      text12       00677
__end_of_display_digit_addr       stringtext2  005FF
__end_of_display_font             stringtext1  005DB
__end_of_display_init             text9        0065B
__end_of_display_push_ctrl        text10       00661
__end_of_display_set_brightness   text8        005A6
__end_of_display_write_digit_hex  text7        0057A
__end_of_display_write_digit_raw  text13       005B9
__end_of_display_write_number     text6        00334
__end_of_main                     maintext     00236
__end_of_pins                     text5        0044E
__end_of_tempSit                  text1        00143
__initialization                  cinit        00015
__pbssBANK0                       bssBANK0     00059
__pcstackBANK0                    cstackBANK0  00020
__pcstackCOMMON                   cstackCOMMON 00070
__pdataBANK0                      dataBANK0    00061
__pidataBANK0                     idataBANK0   00677
__pintentry                       intentry     00004
__pmaintext                       maintext     00143
__pstringtext1                    stringtext1  005CB
__pstringtext2                    stringtext2  005FB
__pstringtext3                    stringtext3  0062E
__pstringtext4                    stringtext4  0064F
__pstringtext5                    stringtext5  0066D
__pstringtext6                    stringtext6  00000
__ptext1                          text1        00022
__ptext10                         text10       0065B
__ptext11                         text11       00508
__ptext12                         text12       00672
__ptext13                         text13       005A6
__ptext14                         text14       00637
__ptext15                         text15       00529
__ptext16                         text16       00661
__ptext17                         text17       00667
__ptext18                         text18       00608
__ptext19                         text19       0063F
__ptext2                          text2        00482
__ptext20                         text20       00615
__ptext21                         text21       005B9
__ptext22                         text22       003D5
__ptext23                         text23       004B4
__ptext24                         text24       0044E
__ptext25                         text25       00647
__ptext26                         text26       00387
__ptext27                         text27       00334
__ptext28                         text28       005DB
__ptext29                         text29       0057A
__ptext3                          text3        00236
__ptext30                         text30       00547
__ptext31                         text31       00622
__ptext32                         text32       005EB
__ptext4                          text4        004E0
__ptext5                          text5        00413
__ptext6                          text6        002B8
__ptext7                          text7        00561
__ptext8                          text8        00592
__ptext9                          text9        00655
_display_clear_all                text11       00508
_display_clear_all$655            cstackBANK0  00020
_display_clear_digit              text12       00672
_display_digit_addr               stringtext2  005FB
_display_font                     stringtext1  005CB
_display_init                     text9        00655
_display_push_ctrl                text10       0065B
_display_set_brightness           text8        00592
_display_write_digit_hex          text7        00561
_display_write_digit_raw          text13       005A6
_display_write_number             text6        002B8
_display_write_number$664         cstackBANK0  0002A
_display_write_number$666         cstackBANK0  0002B
_i_PID                            bssBANK0     00059
_main                             maintext     00143
_pins                             text5        00413
_s_ctrl_reg                       bssBANK0     0005F
_tempSit                          text1        00022
_tick_1ms                         bssBANK0     00060
btemp                             (abs)        0007E
display_clear_all@i               cstackBANK0  00022
display_clear_all@ok              cstackBANK0  00021
display_clear_digit@position      cstackCOMMON 0007B
display_set_brightness@brightness cstackCOMMON 0007A
display_write_digit_hex@dot       cstackCOMMON 0007C
display_write_digit_hex@position  cstackBANK0  00020
display_write_digit_hex@segs      cstackBANK0  00021
display_write_digit_hex@value     cstackCOMMON 0007B
display_write_digit_raw@position  cstackCOMMON 0007A
display_write_digit_raw@segments  cstackCOMMON 00079
display_write_number@digits       cstackBANK0  00024
display_write_number@i            cstackBANK0  0002D
display_write_number@i_662        cstackBANK0  0002E
display_write_number@isLast       cstackBANK0  00028
display_write_number@leading      cstackBANK0  00029
display_write_number@ok           cstackBANK0  0002C
display_write_number@value        cstackBANK0  00022
end_of_initialization             cinit        0001F
int$flags                         (abs)        0007E
intlevel0                         functab      00000
intlevel1                         functab      00000
intlevel2                         functab      00000
intlevel3                         functab      00000
intlevel4                         functab      00000
intlevel5                         functab      00000
main@SW_Dp                        cstackBANK0  00050
main@dtt                          cstackBANK0  00055
main@oldsrt_temp                  cstackBANK0  0004E
main@raw_temp                     cstackBANK0  00051
main@srt_temp                     cstackBANK0  00053
reset_vec                         reset_vec    00000
start                             init         00014
start_initialization              cinit        00015
tempSit@duty                      cstackBANK0  00042
tempSit@duty_check                cstackBANK0  0003E
tempSit@err                       cstackBANK0  00046
tempSit@iterm                     cstackBANK0  00036
tempSit@iterm_now                 cstackBANK0  00032
tempSit@p                         cstackBANK0  0003A
tempSit@set_now                   cstackBANK0  0002E
tempSit@temp_now                  cstackBANK0  0002A
wtemp0                            (abs)        0007E


MODULE INFORMATION

Module		Function		Class		Link	Load	Size
timer_1ms.c
		_ISR           		CODE           	0004	0000	16
		_Timer0_1ms_Init		CODE           	05DB	0000	16

timer_1ms.c estimated size: 32

./pin_deffiine.h
		_pins          		CODE           	0413	0000	59

./pin_deffiine.h estimated size: 59

C:\Program Files\Microchip\xc8\v2.41\pic\sources\c99\common\Umul32.c
		___lmul        		CODE           	0482	0000	50

C:\Program Files\Microchip\xc8\v2.41\pic\sources\c99\common\Umul32.c estimated size: 50

uart.c
		_UART_Init     		CODE           	0387	0000	78
		_UART_Write16String		CODE           	0615	0000	13
		_UART_Write    		CODE           	0647	0000	8
		_UART_Write16  		CODE           	03D5	0000	62
		_UART_WriteString		CODE           	05B9	0000	18

uart.c estimated size: 179

C:\Program Files\Microchip\xc8\v2.41\pic\sources\c99\common\__lldiv.c
		___lldiv       		CODE           	0334	0000	83

C:\Program Files\Microchip\xc8\v2.41\pic\sources\c99\common\__lldiv.c estimated size: 83

C:\Program Files\Microchip\xc8\v2.41\pic\sources\c99\common\lwdiv.c
		___lwdiv       		CODE           	044E	0000	52

C:\Program Files\Microchip\xc8\v2.41\pic\sources\c99\common\lwdiv.c estimated size: 52

pwm.c
		_PWM_SetDuty   		CODE           	0547	0000	26
		_PWM_Init      		CODE           	057A	0000	24

pwm.c estimated size: 50

C:\Program Files\Microchip\xc8\v2.41\pic\sources\c99\common\aldiv.c
		___aldiv       		CODE           	0236	0000	130

C:\Program Files\Microchip\xc8\v2.41\pic\sources\c99\common\aldiv.c estimated size: 130

adc.c
		_ADC_Read      		CODE           	04E0	0000	40
		_ADC_Init      		CODE           	05EB	0000	16

adc.c estimated size: 56

i2c1.c
		_I2C1_WaitIdle 		CODE           	063F	0000	8
		_I2C1_Init     		CODE           	0622	0000	12
		_I2C1_PutByte  		CODE           	0608	0000	13
		_I2C1_Stop     		CODE           	0661	0000	6
		_I2C1_Write    		CODE           	0529	0000	30
		_I2C1_Start    		CODE           	0667	0000	6
		_I2C1_WriteByte		CODE           	0637	0000	8

i2c1.c estimated size: 83

shared
		_display_font  		STRCODE        	05CB	0000	16
		__initialization		CODE           	0015	0000	10
		_display_digit_addr		STRCODE        	05FB	0000	4

shared estimated size: 30

display.c
		_display_init  		CODE           	0655	0000	6
		_display_clear_all		CODE           	0508	0000	33
		_display_push_ctrl		CODE           	065B	0000	6
		_display_clear_digit		CODE           	0672	0000	5
		_display_write_digit_raw		CODE           	05A6	0000	19
		_display_set_brightness		CODE           	0592	0000	20
		_display_write_number		CODE           	02B8	0000	124
		_display_write_digit_hex		CODE           	0561	0000	25

display.c estimated size: 238

main.c
		_main          		CODE           	0143	0000	243

main.c estimated size: 243

pid.c
		_tempSit       		CODE           	0022	0000	289

pid.c estimated size: 289

C:\Program Files\Microchip\xc8\v2.41\pic\sources\c99\common\lwmod.c
		___lwmod       		CODE           	04B4	0000	44

C:\Program Files\Microchip\xc8\v2.41\pic\sources\c99\common\lwmod.c estimated size: 44

