Microchip MPLAB XC8 Compiler V2.41

Linker command line:

-W-3 \
  --edf=C:\Program Files\Microchip\xc8\v2.41\pic\dat\20230208172133_en.msgs \
  -cn -h+dist/default/production\st_16f15223_irsegmet.X.production.sym \
  --cmf=dist/default/production\st_16f15223_irsegmet.X.production.cmf -z \
  -Q16F15223 -oC:\Users\siddyq\AppData\Local\Temp\xcBsbio.1\driver_tmp_3.o \
  --defsym=__MPLAB_BUILD=1 --fixupoverflow=error \
  -Mdist/default/production/st_16f15223_irsegmet.X.production.map \
  --md=C:\Users\siddyq\AppData\Local\Temp\xcBsbio.1\driver_tmp_0.dat -E1 \
  -ver=XC8 Compiler --acfsm=1493 -ACODE=00h-07FFh -ASTRCODE=00h-07FFh \
  -ASTRING=00h-0FFhx8 -ACONST=00h-0FFhx8 -AENTRY=00h-0FFhx8 \
  -ACOMMON=070h-07Fh -ABANK0=020h-06Fh -ABANK1=0A0h-0EFh \
  -ABANK2=0120h-016Fh -ABIGRAM=02000h-020EFh \
  -ARAM=020h-06Fh,0A0h-0EFh,0120h-016Fh \
  -AABS1=020h-07Fh,0A0h-0EFh,0120h-016Fh -ASFR0=00h-01Fh -ASFR1=080h-09Fh \
  -ASFR2=0100h-011Fh -ASFR3=0180h-01EFh -ASFR4=0200h-026Fh \
  -ASFR5=0280h-02EFh -ASFR6=0300h-036Fh -ASFR7=0380h-03EFh \
  -ASFR8=0400h-046Fh -ASFR9=0480h-04EFh -ASFR10=0500h-056Fh \
  -ASFR11=0580h-05EFh -ASFR12=0600h-066Fh -ASFR13=0680h-06EFh \
  -ASFR14=0700h-076Fh -ASFR15=0780h-07EFh -ASFR16=0800h-086Fh \
  -ASFR17=0880h-08EFh -ASFR18=0900h-096Fh -ASFR19=0980h-09EFh \
  -ASFR20=0A00h-0A6Fh -ASFR21=0A80h-0AEFh -ASFR22=0B00h-0B6Fh \
  -ASFR23=0B80h-0BEFh -ASFR24=0C00h-0C6Fh -ASFR25=0C80h-0CEFh \
  -ASFR26=0D00h-0D6Fh -ASFR27=0D80h-0DEFh -ASFR28=0E00h-0E6Fh \
  -ASFR29=0E80h-0EEFh -ASFR30=0F00h-0F6Fh -ASFR31=0F80h-0FEFh \
  -ASFR32=01000h-0106Fh -ASFR33=01080h-010EFh -ASFR34=01100h-0116Fh \
  -ASFR35=01180h-011EFh -ASFR36=01200h-0126Fh -ASFR37=01280h-012EFh \
  -ASFR38=01300h-0136Fh -ASFR39=01380h-013EFh -ASFR40=01400h-0146Fh \
  -ASFR41=01480h-014EFh -ASFR42=01500h-0156Fh -ASFR43=01580h-015EFh \
  -ASFR44=01600h-0166Fh -ASFR45=01680h-016EFh -ASFR46=01700h-0176Fh \
  -ASFR47=01780h-017EFh -ASFR48=01800h-0186Fh -ASFR49=01880h-018EFh \
  -ASFR50=01900h-0196Fh -ASFR51=01980h-019EFh -ASFR52=01A00h-01A6Fh \
  -ASFR53=01A80h-01AEFh -ASFR54=01B00h-01B6Fh -ASFR55=01B80h-01BEFh \
  -ASFR56=01C00h-01C6Fh -ASFR57=01C80h-01CEFh -ASFR58=01D00h-01D6Fh \
  -ASFR59=01D80h-01DEFh -ASFR60=01E00h-01E6Fh -ASFR61=01E80h-01EEFh \
  -ASFR62=01F00h-01F6Fh -ASFR63=01F80h-01FEFh -ACONFIG=08007h-0800Bh \
  -DCONFIG=2 -AIDLOC=08000h-08003h -DIDLOC=2 -DCODE=2 -DSTRCODE=2 \
  -DSTRING=2 -DCONST=2 -DENTRY=2 -preset_vec=00h,intentry,init,end_init \
  -ppowerup=CODE -pcinit=CODE -pfunctab=ENTRY -k \
  C:\Users\siddyq\AppData\Local\Temp\xcBsbio.1\driver_tmp_12.o \
  dist/default/production\st_16f15223_irsegmet.X.production.o 

Object code version is 3.11

Machine type is 16F15223



                Name                               Link     Load   Length Selector   Space Scale
C:\Users\siddyq\AppData\Local\Temp\xcBsbio.1\driver_tmp_12.o
                end_init                              1        1        1        0       0
                reset_vec                             0        0        1        0       0
                config                             8007     8007        5        0       4
                idloc                              8000     8000        4        0       5
dist/default/production\st_16f15223_irsegmet.X.production.o
                cinit                               7F3      7F3        D      FE6       0
                config                             8007     8007        5        0       4
                idloc                              8000     8000        4        0       5
                text24                              46A      46A       12      8D4       0
                text23                              493      493       1A      926       0
                text22                              431      431        C      862       0
                text21                              4C7      4C7       1C      98E       0
                text20                              4AD      4AD       1A      95A       0
                text19                              652      652       5B      CA4       0
                text18                              602      602       50      C04       0
                text17                              3FF      3FF        A      7FE       0
                text16                              43D      43D        C      87A       0
                text15                              459      459       11      8B2       0
                text14                              409      409        A      812       0
                text13                              413      413        A      826       0
                text12                              503      503       2A      A06       0
                text11                              41D      41D        A      83A       0
                text10                              47C      47C       17      8F8       0
                text9                               3F0      3F0        7      7E0       0
                text8                               52D      52D       2A      A5A       0
                text7                               3F7      3F7        8      7EE       0
                text6                               427      427        A      84E       0
                text5                               5C6      5C6       3C      B8C       0
                text4                               557      557       34      AAE       0
                text3                               4E3      4E3       20      9C6       0
                text2                               6AD      6AD       A2      D5A       0
                text1                               58B      58B       3B      B16       0
                maintext                            74F      74F       A4      E9E       0
                cstackBANK0                          20       20       19       20       1
                cstackCOMMON                         70       70        E       70       1
                dataBANK0                            40       40        1       20       1
                bssBANK0                             39       39        7       20       1
                stringtext2                         3EC      3EC        4      7D8       0
                stringtext1                         449      449       10      892       0
                idataBANK0                          3EB      3EB        1      7D6       0

TOTAL           Name                               Link     Load   Length     Space
        CLASS   CODE           
                end_init                              1        1        1         0
                cinit                               7F3      7F3        D         0
                reset_vec                             0        0        1         0
                text24                              46A      46A       12         0
                text23                              493      493       1A         0
                text22                              431      431        C         0
                text21                              4C7      4C7       1C         0
                text20                              4AD      4AD       1A         0
                text19                              652      652       5B         0
                text18                              602      602       50         0
                text17                              3FF      3FF        A         0
                text16                              43D      43D        C         0
                text15                              459      459       11         0
                text14                              409      409        A         0
                text13                              413      413        A         0
                text12                              503      503       2A         0
                text11                              41D      41D        A         0
                text10                              47C      47C       17         0
                text9                               3F0      3F0        7         0
                text8                               52D      52D       2A         0
                text7                               3F7      3F7        8         0
                text6                               427      427        A         0
                text5                               5C6      5C6       3C         0
                text4                               557      557       34         0
                text3                               4E3      4E3       20         0
                text2                               6AD      6AD       A2         0
                text1                               58B      58B       3B         0
                maintext                            74F      74F       A4         0
                idataBANK0                          3EB      3EB        1         0

        CLASS   STRCODE        
                stringtext2                         3EC      3EC        4         0
                stringtext1                         449      449       10         0

        CLASS   STRING         

        CLASS   CONST          

        CLASS   ENTRY          

        CLASS   COMMON         
                cstackCOMMON                         70       70        E         1

        CLASS   BANK0          
                cstackBANK0                          20       20       19         1
                dataBANK0                            40       40        1         1
                bssBANK0                             39       39        7         1

        CLASS   BANK1          

        CLASS   BANK2          

        CLASS   BIGRAM         

        CLASS   RAM            

        CLASS   ABS1           
                abs_s1                               7E       7E        2         1

        CLASS   SFR0           

        CLASS   SFR1           

        CLASS   SFR2           

        CLASS   SFR3           

        CLASS   SFR4           

        CLASS   SFR5           

        CLASS   SFR6           

        CLASS   SFR7           

        CLASS   SFR8           

        CLASS   SFR9           

        CLASS   SFR10          

        CLASS   SFR11          

        CLASS   SFR12          

        CLASS   SFR13          

        CLASS   SFR14          

        CLASS   SFR15          

        CLASS   SFR16          

        CLASS   SFR17          

        CLASS   SFR18          

        CLASS   SFR19          

        CLASS   SFR20          

        CLASS   SFR21          

        CLASS   SFR22          

        CLASS   SFR23          

        CLASS   SFR24          

        CLASS   SFR25          

        CLASS   SFR26          

        CLASS   SFR27          

        CLASS   SFR28          

        CLASS   SFR29          

        CLASS   SFR30          

        CLASS   SFR31          

        CLASS   SFR32          

        CLASS   SFR33          

        CLASS   SFR34          

        CLASS   SFR35          

        CLASS   SFR36          

        CLASS   SFR37          

        CLASS   SFR38          

        CLASS   SFR39          

        CLASS   SFR40          

        CLASS   SFR41          

        CLASS   SFR42          

        CLASS   SFR43          

        CLASS   SFR44          

        CLASS   SFR45          

        CLASS   SFR46          

        CLASS   SFR47          

        CLASS   SFR48          

        CLASS   SFR49          

        CLASS   SFR50          

        CLASS   SFR51          

        CLASS   SFR52          

        CLASS   SFR53          

        CLASS   SFR54          

        CLASS   SFR55          

        CLASS   SFR56          

        CLASS   SFR57          

        CLASS   SFR58          

        CLASS   SFR59          

        CLASS   SFR60          

        CLASS   SFR61          

        CLASS   SFR62          

        CLASS   SFR63          

        CLASS   CONFIG         
                config                             8007     8007        5         4

        CLASS   IDLOC          
                idloc                              8000     8000        4         5

        CLASS   BANK63         

        CLASS   BANK62         

        CLASS   BANK61         

        CLASS   BANK60         

        CLASS   BANK59         

        CLASS   BANK58         

        CLASS   BANK57         

        CLASS   BANK56         

        CLASS   BANK55         

        CLASS   BANK54         

        CLASS   BANK53         

        CLASS   BANK52         

        CLASS   BANK51         

        CLASS   BANK50         

        CLASS   BANK49         

        CLASS   BANK48         

        CLASS   BANK47         

        CLASS   BANK46         

        CLASS   BANK45         

        CLASS   BANK44         

        CLASS   BANK43         

        CLASS   BANK42         

        CLASS   BANK41         

        CLASS   BANK40         

        CLASS   BANK39         

        CLASS   BANK38         

        CLASS   BANK37         

        CLASS   BANK36         

        CLASS   BANK35         

        CLASS   BANK34         

        CLASS   BANK33         

        CLASS   BANK32         

        CLASS   BANK31         

        CLASS   BANK30         

        CLASS   BANK29         

        CLASS   BANK28         

        CLASS   BANK27         

        CLASS   BANK26         

        CLASS   BANK25         

        CLASS   BANK24         

        CLASS   BANK23         

        CLASS   BANK22         

        CLASS   BANK21         

        CLASS   BANK20         

        CLASS   BANK19         

        CLASS   BANK18         

        CLASS   BANK17         

        CLASS   BANK16         

        CLASS   BANK15         

        CLASS   BANK14         

        CLASS   BANK13         

        CLASS   BANK12         

        CLASS   BANK11         

        CLASS   BANK10         

        CLASS   BANK9          

        CLASS   BANK8          

        CLASS   BANK7          

        CLASS   BANK6          

        CLASS   BANK5          

        CLASS   BANK4          

        CLASS   BANK3          

        CLASS   HEAP           

        CLASS   STACK          

        CLASS   EEDATA         



SEGMENTS        Name                           Load    Length   Top    Selector   Space  Class     Delta

                reset_vec                      000000  000002  000002         0       0  CODE        2
                cstackBANK0                    000020  000021  000041        20       1  BANK0       1
                cstackCOMMON                   000070  00000E  00007E        70       1  COMMON      1
                idataBANK0                     0003EB  000001  0003EC       7D6       0  CODE        2
                stringtext2                    0003EC  000004  0003F0       7D8       0  STRCODE     2
                text9                          0003F0  000007  0003F7       7E0       0  CODE        2
                text7                          0003F7  000008  0003FF       7EE       0  CODE        2
                text17                         0003FF  00000A  000409       7FE       0  CODE        2
                text14                         000409  00000A  000413       812       0  CODE        2
                text13                         000413  00000A  00041D       826       0  CODE        2
                text11                         00041D  00000A  000427       83A       0  CODE        2
                text6                          000427  00000A  000431       84E       0  CODE        2
                text22                         000431  00000C  00043D       862       0  CODE        2
                text16                         00043D  00000C  000449       87A       0  CODE        2
                stringtext1                    000449  000010  000459       892       0  STRCODE     2
                text15                         000459  000011  00046A       8B2       0  CODE        2
                text24                         00046A  000012  00047C       8D4       0  CODE        2
                text10                         00047C  000017  000493       8F8       0  CODE        2
                text23                         000493  00001A  0004AD       926       0  CODE        2
                text20                         0004AD  00001A  0004C7       95A       0  CODE        2
                text21                         0004C7  00001C  0004E3       98E       0  CODE        2
                text3                          0004E3  000020  000503       9C6       0  CODE        2
                text12                         000503  00002A  00052D       A06       0  CODE        2
                text8                          00052D  00002A  000557       A5A       0  CODE        2
                text4                          000557  000034  00058B       AAE       0  CODE        2
                text1                          00058B  00003B  0005C6       B16       0  CODE        2
                text5                          0005C6  00003C  000602       B8C       0  CODE        2
                text18                         000602  000050  000652       C04       0  CODE        2
                text19                         000652  00005B  0006AD       CA4       0  CODE        2
                text2                          0006AD  0000A2  00074F       D5A       0  CODE        2
                maintext                       00074F  0000A4  0007F3       E9E       0  CODE        2
                cinit                          0007F3  00000D  000800       FE6       0  CODE        2


UNUSED ADDRESS RANGES

        Name                Unused          Largest block    Delta
        BANK0            00041-0006F              2F           1
        BANK1            000A0-000EF              50           1
        BANK2            00120-0016F              50           1
        BIGRAM           02000-020EF              F0           1
        CODE             00002-003EA             3E9           2
        CONST            00002-003EA             100           2
        ENTRY            00002-003EA             100           2
        RAM              00041-0006F              2F           1
                         000A0-000EF              50
                         00120-0016F              50
        SFR0             00000-0001F              20           1
        SFR1             00080-0009F              20           1
        SFR10            00500-0056F              70           1
        SFR11            00580-005EF              70           1
        SFR12            00600-0066F              70           1
        SFR13            00680-006EF              70           1
        SFR14            00700-0076F              70           1
        SFR15            00780-007EF              70           1
        SFR16            00800-0086F              70           1
        SFR17            00880-008EF              70           1
        SFR18            00900-0096F              70           1
        SFR19            00980-009EF              70           1
        SFR2             00100-0011F              20           1
        SFR20            00A00-00A6F              70           1
        SFR21            00A80-00AEF              70           1
        SFR22            00B00-00B6F              70           1
        SFR23            00B80-00BEF              70           1
        SFR24            00C00-00C6F              70           1
        SFR25            00C80-00CEF              70           1
        SFR26            00D00-00D6F              70           1
        SFR27            00D80-00DEF              70           1
        SFR28            00E00-00E6F              70           1
        SFR29            00E80-00EEF              70           1
        SFR3             00180-001EF              70           1
        SFR30            00F00-00F6F              70           1
        SFR31            00F80-00FEF              70           1
        SFR32            01000-0106F              70           1
        SFR33            01080-010EF              70           1
        SFR34            01100-0116F              70           1
        SFR35            01180-011EF              70           1
        SFR36            01200-0126F              70           1
        SFR37            01280-012EF              70           1
        SFR38            01300-0136F              70           1
        SFR39            01380-013EF              70           1
        SFR4             00200-0026F              70           1
        SFR40            01400-0146F              70           1
        SFR41            01480-014EF              70           1
        SFR42            01500-0156F              70           1
        SFR43            01580-015EF              70           1
        SFR44            01600-0166F              70           1
        SFR45            01680-016EF              70           1
        SFR46            01700-0176F              70           1
        SFR47            01780-017EF              70           1
        SFR48            01800-0186F              70           1
        SFR49            01880-018EF              70           1
        SFR5             00280-002EF              70           1
        SFR50            01900-0196F              70           1
        SFR51            01980-019EF              70           1
        SFR52            01A00-01A6F              70           1
        SFR53            01A80-01AEF              70           1
        SFR54            01B00-01B6F              70           1
        SFR55            01B80-01BEF              70           1
        SFR56            01C00-01C6F              70           1
        SFR57            01C80-01CEF              70           1
        SFR58            01D00-01D6F              70           1
        SFR59            01D80-01DEF              70           1
        SFR6             00300-0036F              70           1
        SFR60            01E00-01E6F              70           1
        SFR61            01E80-01EEF              70           1
        SFR62            01F00-01F6F              70           1
        SFR63            01F80-01FEF              70           1
        SFR7             00380-003EF              70           1
        SFR8             00400-0046F              70           1
        SFR9             00480-004EF              70           1
        STRCODE          00002-003EA             3E9           2
        STRING           00002-003EA             100           2

                                  Symbol Table

?_ADC_Read                       cstackCOMMON 00070
?___lldiv                        cstackCOMMON 00074
?___lwdiv                        cstackCOMMON 00070
?___lwmod                        cstackCOMMON 00070
ADC_Read@channel                 cstackCOMMON 00073
I2C1_PutByte@b                   cstackCOMMON 00070
I2C1_Write@addr7                 cstackCOMMON 00074
I2C1_Write@data                  cstackCOMMON 00071
I2C1_Write@i                     cstackCOMMON 00075
I2C1_Write@len                   cstackCOMMON 00072
I2C1_Write@ok                    cstackCOMMON 00076
I2C1_WriteByte@addr7             cstackCOMMON 00078
I2C1_WriteByte@data              cstackCOMMON 00077
PWM_SetDuty@permille             cstackCOMMON 00070
UART_Init@baud                   cstackBANK0  00025
UART_Init@spbrg                  cstackBANK0  0002D
UART_Write@data                  cstackCOMMON 00070
_ADCON0bits                      (abs)        0009D
_ADCON1bits                      (abs)        0009E
_ADC_Init                        text24       0046A
_ADC_Read                        text23       00493
_ADRESH                          (abs)        0009C
_ADRESL                          (abs)        0009B
_ANSELAbits                      (abs)        01F38
_ANSELCbits                      (abs)        01F4E
_BAUD1CONbits                    (abs)        0011F
_FVRCONbits                      (abs)        0090C
_I2C1_Init                       text22       00431
_I2C1_PutByte                    text15       00459
_I2C1_Start                      text14       00409
_I2C1_Stop                       text13       00413
_I2C1_WaitIdle                   text16       0043D
_I2C1_Write                      text12       00503
_I2C1_WriteByte                  text11       0041D
_PIR1bits                        (abs)        0070D
_PPSLOCK                         (abs)        01E8F
_PPSLOCKbits                     (abs)        01E8F
_PWM3CON                         (abs)        00316
_PWM3CONbits                     (abs)        00316
_PWM3DC                          (abs)        00314
_PWM_Init                        text20       004AD
_PWM_SetDuty                     text21       004C7
_RC0I2Cbits                      (abs)        0010E
_RC0PPS                          (abs)        01F20
_RC1I2Cbits                      (abs)        0010F
_RC1PPS                          (abs)        01F21
_RC1REG                          (abs)        00119
_RC1STAbits                      (abs)        0011D
_RC2PPS                          (abs)        01F22
_RC5PPS                          (abs)        01F25
_RXPPS                           (abs)        01ECB
_SP1BRGH                         (abs)        0011C
_SP1BRGL                         (abs)        0011B
_SSP1ADD                         (abs)        0018D
_SSP1BUF                         (abs)        0018C
_SSP1CLKPPS                      (abs)        01EC5
_SSP1CON1                        (abs)        00190
_SSP1CON1bits                    (abs)        00190
_SSP1CON2                        (abs)        00191
_SSP1CON2bits                    (abs)        00191
_SSP1DATPPS                      (abs)        01EC6
_SSP1STATbits                    (abs)        0018F
_T2CLKCONbits                    (abs)        00290
_T2CONbits                       (abs)        0028E
_T2PR                            (abs)        0028D
_TRISAbits                       (abs)        00012
_TRISCbits                       (abs)        00014
_TX1REG                          (abs)        0011A
_TX1STAbits                      (abs)        0011E
_UART_Init                       text18       00602
_UART_Write                      text17       003FF
__H__absolute__                  __absolute__ 00000
__Habs1                          abs1         00000
__Hbank0                         bank0        00000
__Hbank1                         bank1        00000
__Hbank10                        bank10       00000
__Hbank11                        bank11       00000
__Hbank12                        bank12       00000
__Hbank13                        bank13       00000
__Hbank14                        bank14       00000
__Hbank15                        bank15       00000
__Hbank16                        bank16       00000
__Hbank17                        bank17       00000
__Hbank18                        bank18       00000
__Hbank19                        bank19       00000
__Hbank2                         bank2        00000
__Hbank20                        bank20       00000
__Hbank21                        bank21       00000
__Hbank22                        bank22       00000
__Hbank23                        bank23       00000
__Hbank24                        bank24       00000
__Hbank25                        bank25       00000
__Hbank26                        bank26       00000
__Hbank27                        bank27       00000
__Hbank28                        bank28       00000
__Hbank29                        bank29       00000
__Hbank3                         bank3        00000
__Hbank30                        bank30       00000
__Hbank31                        bank31       00000
__Hbank32                        bank32       00000
__Hbank33                        bank33       00000
__Hbank34                        bank34       00000
__Hbank35                        bank35       00000
__Hbank36                        bank36       00000
__Hbank37                        bank37       00000
__Hbank38                        bank38       00000
__Hbank39                        bank39       00000
__Hbank4                         bank4        00000
__Hbank40                        bank40       00000
__Hbank41                        bank41       00000
__Hbank42                        bank42       00000
__Hbank43                        bank43       00000
__Hbank44                        bank44       00000
__Hbank45                        bank45       00000
__Hbank46                        bank46       00000
__Hbank47                        bank47       00000
__Hbank48                        bank48       00000
__Hbank49                        bank49       00000
__Hbank5                         bank5        00000
__Hbank50                        bank50       00000
__Hbank51                        bank51       00000
__Hbank52                        bank52       00000
__Hbank53                        bank53       00000
__Hbank54                        bank54       00000
__Hbank55                        bank55       00000
__Hbank56                        bank56       00000
__Hbank57                        bank57       00000
__Hbank58                        bank58       00000
__Hbank59                        bank59       00000
__Hbank6                         bank6        00000
__Hbank60                        bank60       00000
__Hbank61                        bank61       00000
__Hbank62                        bank62       00000
__Hbank63                        bank63       00000
__Hbank7                         bank7        00000
__Hbank8                         bank8        00000
__Hbank9                         bank9        00000
__Hbigram                        bigram       00000
__HbssBANK0                      bssBANK0     00000
__Hcinit                         cinit        00800
__Hclrtext                       clrtext      00000
__Hcode                          code         00000
__Hcommon                        common       00000
__Hconfig                        config       0800C
__HcstackBANK0                   cstackBANK0  00000
__HcstackCOMMON                  cstackCOMMON 00000
__HdataBANK0                     dataBANK0    00000
__Heeprom_data                   eeprom_data  00000
__Hend_init                      end_init     00002
__Hfunctab                       functab      00000
__Hheap                          heap         00000
__HidataBANK0                    idataBANK0   00000
__Hidloc                         idloc        08004
__Hinit                          init         00001
__Hintentry                      intentry     00001
__Hmaintext                      maintext     00000
__Hpowerup                       powerup      00000
__Hram                           ram          00000
__Hreset_vec                     reset_vec    00001
__Hsfr0                          sfr0         00000
__Hsfr1                          sfr1         00000
__Hsfr10                         sfr10        00000
__Hsfr11                         sfr11        00000
__Hsfr12                         sfr12        00000
__Hsfr13                         sfr13        00000
__Hsfr14                         sfr14        00000
__Hsfr15                         sfr15        00000
__Hsfr16                         sfr16        00000
__Hsfr17                         sfr17        00000
__Hsfr18                         sfr18        00000
__Hsfr19                         sfr19        00000
__Hsfr2                          sfr2         00000
__Hsfr20                         sfr20        00000
__Hsfr21                         sfr21        00000
__Hsfr22                         sfr22        00000
__Hsfr23                         sfr23        00000
__Hsfr24                         sfr24        00000
__Hsfr25                         sfr25        00000
__Hsfr26                         sfr26        00000
__Hsfr27                         sfr27        00000
__Hsfr28                         sfr28        00000
__Hsfr29                         sfr29        00000
__Hsfr3                          sfr3         00000
__Hsfr30                         sfr30        00000
__Hsfr31                         sfr31        00000
__Hsfr32                         sfr32        00000
__Hsfr33                         sfr33        00000
__Hsfr34                         sfr34        00000
__Hsfr35                         sfr35        00000
__Hsfr36                         sfr36        00000
__Hsfr37                         sfr37        00000
__Hsfr38                         sfr38        00000
__Hsfr39                         sfr39        00000
__Hsfr4                          sfr4         00000
__Hsfr40                         sfr40        00000
__Hsfr41                         sfr41        00000
__Hsfr42                         sfr42        00000
__Hsfr43                         sfr43        00000
__Hsfr44                         sfr44        00000
__Hsfr45                         sfr45        00000
__Hsfr46                         sfr46        00000
__Hsfr47                         sfr47        00000
__Hsfr48                         sfr48        00000
__Hsfr49                         sfr49        00000
__Hsfr5                          sfr5         00000
__Hsfr50                         sfr50        00000
__Hsfr51                         sfr51        00000
__Hsfr52                         sfr52        00000
__Hsfr53                         sfr53        00000
__Hsfr54                         sfr54        00000
__Hsfr55                         sfr55        00000
__Hsfr56                         sfr56        00000
__Hsfr57                         sfr57        00000
__Hsfr58                         sfr58        00000
__Hsfr59                         sfr59        00000
__Hsfr6                          sfr6         00000
__Hsfr60                         sfr60        00000
__Hsfr61                         sfr61        00000
__Hsfr62                         sfr62        00000
__Hsfr63                         sfr63        00000
__Hsfr7                          sfr7         00000
__Hsfr8                          sfr8         00000
__Hsfr9                          sfr9         00000
__Hspace_0                       (abs)        00800
__Hspace_1                       (abs)        0007E
__Hspace_2                       (abs)        00000
__Hspace_3                       (abs)        00000
__Hspace_4                       (abs)        10013
__Hstack                         stack        00000
__Hstrings                       strings      00000
__Hstringtext1                   stringtext1  00000
__Hstringtext2                   stringtext2  00000
__Htext                          text         00000
__L__absolute__                  __absolute__ 00000
__Labs1                          abs1         00000
__Lbank0                         bank0        00000
__Lbank1                         bank1        00000
__Lbank10                        bank10       00000
__Lbank11                        bank11       00000
__Lbank12                        bank12       00000
__Lbank13                        bank13       00000
__Lbank14                        bank14       00000
__Lbank15                        bank15       00000
__Lbank16                        bank16       00000
__Lbank17                        bank17       00000
__Lbank18                        bank18       00000
__Lbank19                        bank19       00000
__Lbank2                         bank2        00000
__Lbank20                        bank20       00000
__Lbank21                        bank21       00000
__Lbank22                        bank22       00000
__Lbank23                        bank23       00000
__Lbank24                        bank24       00000
__Lbank25                        bank25       00000
__Lbank26                        bank26       00000
__Lbank27                        bank27       00000
__Lbank28                        bank28       00000
__Lbank29                        bank29       00000
__Lbank3                         bank3        00000
__Lbank30                        bank30       00000
__Lbank31                        bank31       00000
__Lbank32                        bank32       00000
__Lbank33                        bank33       00000
__Lbank34                        bank34       00000
__Lbank35                        bank35       00000
__Lbank36                        bank36       00000
__Lbank37                        bank37       00000
__Lbank38                        bank38       00000
__Lbank39                        bank39       00000
__Lbank4                         bank4        00000
__Lbank40                        bank40       00000
__Lbank41                        bank41       00000
__Lbank42                        bank42       00000
__Lbank43                        bank43       00000
__Lbank44                        bank44       00000
__Lbank45                        bank45       00000
__Lbank46                        bank46       00000
__Lbank47                        bank47       00000
__Lbank48                        bank48       00000
__Lbank49                        bank49       00000
__Lbank5                         bank5        00000
__Lbank50                        bank50       00000
__Lbank51                        bank51       00000
__Lbank52                        bank52       00000
__Lbank53                        bank53       00000
__Lbank54                        bank54       00000
__Lbank55                        bank55       00000
__Lbank56                        bank56       00000
__Lbank57                        bank57       00000
__Lbank58                        bank58       00000
__Lbank59                        bank59       00000
__Lbank6                         bank6        00000
__Lbank60                        bank60       00000
__Lbank61                        bank61       00000
__Lbank62                        bank62       00000
__Lbank63                        bank63       00000
__Lbank7                         bank7        00000
__Lbank8                         bank8        00000
__Lbank9                         bank9        00000
__Lbigram                        bigram       00000
__LbssBANK0                      bssBANK0     00000
__Lcinit                         cinit        007F3
__Lclrtext                       clrtext      00000
__Lcode                          code         00000
__Lcommon                        common       00000
__Lconfig                        config       00000
__LcstackBANK0                   cstackBANK0  00000
__LcstackCOMMON                  cstackCOMMON 00000
__LdataBANK0                     dataBANK0    00000
__Leeprom_data                   eeprom_data  00000
__Lend_init                      end_init     00001
__Lfunctab                       functab      00000
__Lheap                          heap         00000
__LidataBANK0                    idataBANK0   00000
__Lidloc                         idloc        00000
__Linit                          init         00001
__Lintentry                      intentry     00001
__Lmaintext                      maintext     00000
__Lpowerup                       powerup      00000
__Lram                           ram          00000
__Lreset_vec                     reset_vec    00000
__Lsfr0                          sfr0         00000
__Lsfr1                          sfr1         00000
__Lsfr10                         sfr10        00000
__Lsfr11                         sfr11        00000
__Lsfr12                         sfr12        00000
__Lsfr13                         sfr13        00000
__Lsfr14                         sfr14        00000
__Lsfr15                         sfr15        00000
__Lsfr16                         sfr16        00000
__Lsfr17                         sfr17        00000
__Lsfr18                         sfr18        00000
__Lsfr19                         sfr19        00000
__Lsfr2                          sfr2         00000
__Lsfr20                         sfr20        00000
__Lsfr21                         sfr21        00000
__Lsfr22                         sfr22        00000
__Lsfr23                         sfr23        00000
__Lsfr24                         sfr24        00000
__Lsfr25                         sfr25        00000
__Lsfr26                         sfr26        00000
__Lsfr27                         sfr27        00000
__Lsfr28                         sfr28        00000
__Lsfr29                         sfr29        00000
__Lsfr3                          sfr3         00000
__Lsfr30                         sfr30        00000
__Lsfr31                         sfr31        00000
__Lsfr32                         sfr32        00000
__Lsfr33                         sfr33        00000
__Lsfr34                         sfr34        00000
__Lsfr35                         sfr35        00000
__Lsfr36                         sfr36        00000
__Lsfr37                         sfr37        00000
__Lsfr38                         sfr38        00000
__Lsfr39                         sfr39        00000
__Lsfr4                          sfr4         00000
__Lsfr40                         sfr40        00000
__Lsfr41                         sfr41        00000
__Lsfr42                         sfr42        00000
__Lsfr43                         sfr43        00000
__Lsfr44                         sfr44        00000
__Lsfr45                         sfr45        00000
__Lsfr46                         sfr46        00000
__Lsfr47                         sfr47        00000
__Lsfr48                         sfr48        00000
__Lsfr49                         sfr49        00000
__Lsfr5                          sfr5         00000
__Lsfr50                         sfr50        00000
__Lsfr51                         sfr51        00000
__Lsfr52                         sfr52        00000
__Lsfr53                         sfr53        00000
__Lsfr54                         sfr54        00000
__Lsfr55                         sfr55        00000
__Lsfr56                         sfr56        00000
__Lsfr57                         sfr57        00000
__Lsfr58                         sfr58        00000
__Lsfr59                         sfr59        00000
__Lsfr6                          sfr6         00000
__Lsfr60                         sfr60        00000
__Lsfr61                         sfr61        00000
__Lsfr62                         sfr62        00000
__Lsfr63                         sfr63        00000
__Lsfr7                          sfr7         00000
__Lsfr8                          sfr8         00000
__Lsfr9                          sfr9         00000
__Lspace_0                       (abs)        00000
__Lspace_1                       (abs)        00000
__Lspace_2                       (abs)        00000
__Lspace_3                       (abs)        00000
__Lspace_4                       (abs)        00000
__Lstack                         stack        00000
__Lstrings                       strings      00000
__Lstringtext1                   stringtext1  00000
__Lstringtext2                   stringtext2  00000
__Ltext                          text         00000
__S0                             (abs)        00800
__S1                             (abs)        0007E
___heap_hi                       (abs)        00000
___heap_lo                       (abs)        00000
___int_sp                        stack        00000
___latbits                       (abs)        00000
___lldiv                         text19       00652
___lldiv@counter                 cstackBANK0  00024
___lldiv@dividend                cstackCOMMON 00078
___lldiv@divisor                 cstackCOMMON 00074
___lldiv@quotient                cstackBANK0  00020
___lwdiv                         text5        005C6
___lwdiv@counter                 cstackCOMMON 00077
___lwdiv@dividend                cstackCOMMON 00072
___lwdiv@divisor                 cstackCOMMON 00070
___lwdiv@quotient                cstackCOMMON 00075
___lwmod                         text4        00557
___lwmod@counter                 cstackCOMMON 00075
___lwmod@dividend                cstackCOMMON 00072
___lwmod@divisor                 cstackCOMMON 00070
___sp                            stack        00000
___stackhi                       (abs)        00000
___stacklo                       (abs)        00000
__end_of_ADC_Init                text24       0047C
__end_of_ADC_Read                text23       004AD
__end_of_I2C1_Init               text22       0043D
__end_of_I2C1_PutByte            text15       0046A
__end_of_I2C1_Start              text14       00413
__end_of_I2C1_Stop               text13       0041D
__end_of_I2C1_WaitIdle           text16       00449
__end_of_I2C1_Write              text12       0052D
__end_of_I2C1_WriteByte          text11       00427
__end_of_PWM_Init                text20       004C7
__end_of_PWM_SetDuty             text21       004E3
__end_of_UART_Init               text18       00652
__end_of_UART_Write              text17       00409
__end_of___lldiv                 text19       006AD
__end_of___lwdiv                 text5        00602
__end_of___lwmod                 text4        0058B
__end_of__initialization         cinit        007FE
__end_of_display_clear_all       text8        00557
__end_of_display_clear_digit     text9        003F7
__end_of_display_digit_addr      stringtext2  003F0
__end_of_display_font            stringtext1  00459
__end_of_display_init            text6        00431
__end_of_display_push_ctrl       text7        003FF
__end_of_display_write_digit_hex text3        00503
__end_of_display_write_digit_raw text10       00493
__end_of_display_write_number    text2        0074F
__end_of_main                    maintext     007F3
__end_of_pins                    text1        005C6
__initialization                 cinit        007F3
__pbssBANK0                      bssBANK0     00039
__pcstackBANK0                   cstackBANK0  00020
__pcstackCOMMON                  cstackCOMMON 00070
__pdataBANK0                     dataBANK0    00040
__pidataBANK0                    idataBANK0   003EB
__pmaintext                      maintext     0074F
__pstringtext1                   stringtext1  00449
__pstringtext2                   stringtext2  003EC
__ptext1                         text1        0058B
__ptext10                        text10       0047C
__ptext11                        text11       0041D
__ptext12                        text12       00503
__ptext13                        text13       00413
__ptext14                        text14       00409
__ptext15                        text15       00459
__ptext16                        text16       0043D
__ptext17                        text17       003FF
__ptext18                        text18       00602
__ptext19                        text19       00652
__ptext2                         text2        006AD
__ptext20                        text20       004AD
__ptext21                        text21       004C7
__ptext22                        text22       00431
__ptext23                        text23       00493
__ptext24                        text24       0046A
__ptext3                         text3        004E3
__ptext4                         text4        00557
__ptext5                         text5        005C6
__ptext6                         text6        00427
__ptext7                         text7        003F7
__ptext8                         text8        0052D
__ptext9                         text9        003F0
_display_clear_all               text8        0052D
_display_clear_all$624           cstackBANK0  00020
_display_clear_digit             text9        003F0
_display_digit_addr              stringtext2  003EC
_display_font                    stringtext1  00449
_display_init                    text6        00427
_display_push_ctrl               text7        003F7
_display_write_digit_hex         text3        004E3
_display_write_digit_raw         text10       0047C
_display_write_number            text2        006AD
_display_write_number$633        cstackBANK0  0002A
_display_write_number$635        cstackBANK0  0002B
_i_PID                           bssBANK0     00039
_main                            maintext     0074F
_main$1497                       cstackBANK0  00035
_pins                            text1        0058B
_s_ctrl_reg                      bssBANK0     0003F
_v                               dataBANK0    00040
_x                               bssBANK0     0003D
btemp                            (abs)        0007E
display_clear_all@i              cstackBANK0  00022
display_clear_all@ok             cstackBANK0  00021
display_clear_digit@position     cstackCOMMON 0007B
display_write_digit_hex@dot      cstackCOMMON 0007C
display_write_digit_hex@position cstackBANK0  00020
display_write_digit_hex@segs     cstackBANK0  00021
display_write_digit_hex@value    cstackCOMMON 0007B
display_write_digit_raw@position cstackCOMMON 0007A
display_write_digit_raw@segments cstackCOMMON 00079
display_write_number@digits      cstackBANK0  00024
display_write_number@i           cstackBANK0  0002D
display_write_number@i_631       cstackBANK0  0002E
display_write_number@isLast      cstackBANK0  00028
display_write_number@leading     cstackBANK0  00029
display_write_number@ok          cstackBANK0  0002C
display_write_number@value       cstackBANK0  00022
end_of_initialization            cinit        007FE
intlevel0                        functab      00000
intlevel1                        functab      00000
intlevel2                        functab      00000
intlevel3                        functab      00000
intlevel4                        functab      00000
intlevel5                        functab      00000
reset_vec                        reset_vec    00000
start                            init         00001
start_initialization             cinit        007F3
wtemp0                           (abs)        0007E


MODULE INFORMATION

Module		Function		Class		Link	Load	Size
./pin_deffiine.h
		_pins          		CODE           	058B	0000	59

./pin_deffiine.h estimated size: 59

uart.c
		_UART_Init     		CODE           	0602	0000	80
		_UART_Write    		CODE           	03FF	0000	10

uart.c estimated size: 90

C:\Program Files\Microchip\xc8\v2.41\pic\sources\c99\common\__lldiv.c
		___lldiv       		CODE           	0652	0000	91

C:\Program Files\Microchip\xc8\v2.41\pic\sources\c99\common\__lldiv.c estimated size: 91

C:\Program Files\Microchip\xc8\v2.41\pic\sources\c99\common\lwdiv.c
		___lwdiv       		CODE           	05C6	0000	60

C:\Program Files\Microchip\xc8\v2.41\pic\sources\c99\common\lwdiv.c estimated size: 60

pwm.c
		_PWM_SetDuty   		CODE           	04C7	0000	28
		_PWM_Init      		CODE           	04AD	0000	26

pwm.c estimated size: 54

adc.c
		_ADC_Read      		CODE           	0493	0000	26
		_ADC_Init      		CODE           	046A	0000	18

adc.c estimated size: 44

i2c1.c
		_I2C1_WaitIdle 		CODE           	043D	0000	12
		_I2C1_Init     		CODE           	0431	0000	12
		_I2C1_PutByte  		CODE           	0459	0000	17
		_I2C1_Stop     		CODE           	0413	0000	10
		_I2C1_Write    		CODE           	0503	0000	42
		_I2C1_Start    		CODE           	0409	0000	10
		_I2C1_WriteByte		CODE           	041D	0000	10

i2c1.c estimated size: 113

shared
		_display_font  		STRCODE        	0449	0000	16
		__initialization		CODE           	07F3	0000	11
		_display_digit_addr		STRCODE        	03EC	0000	4

shared estimated size: 31

display.c
		_display_init  		CODE           	0427	0000	10
		_display_clear_all		CODE           	052D	0000	42
		_display_push_ctrl		CODE           	03F7	0000	8
		_display_clear_digit		CODE           	03F0	0000	7
		_display_write_digit_raw		CODE           	047C	0000	23
		_display_write_number		CODE           	06AD	0000	162
		_display_write_digit_hex		CODE           	04E3	0000	32

display.c estimated size: 284

main.c
		_main          		CODE           	074F	0000	164

main.c estimated size: 164

C:\Program Files\Microchip\xc8\v2.41\pic\sources\c99\common\lwmod.c
		___lwmod       		CODE           	0557	0000	52

C:\Program Files\Microchip\xc8\v2.41\pic\sources\c99\common\lwmod.c estimated size: 52

